hello! world
java
in
oooooo

uuuuuu
xoxoxoxo

test
